// Jest Snapshot v1, https://goo.gl/fbAQLP

exports[`Quiz Feedback renders correctly 1`] = `
<div
  className="block-tab__container"
>
  <div
    className="block-tab__row"
  >
    <div
      className="block-tab__wrapper"
    >
      <Carousel
        onTabClick={[Function]}
        selectedTabId=""
        tabs={
          Array [
            Object {
              "id": "0001",
              "text": "<p>Description here</p>",
              "title": "Title 1",
            },
            Object {
              "id": "0010",
              "text": "<p>Description here</p>",
              "title": "Title 2",
            },
            Object {
              "id": "0101",
              "media": "fake://img.con",
              "text": "<p>Description here</p>",
              "title": "Title 3",
            },
          ]
        }
      />
      <div
        className="description__wrapper"
      >
        <Description
          active={false}
          key="0"
          tab={
            Object {
              "id": "0001",
              "text": "<p>Description here</p>",
              "title": "Title 1",
            }
          }
        />
        <Description
          active={false}
          key="1"
          tab={
            Object {
              "id": "0010",
              "text": "<p>Description here</p>",
              "title": "Title 2",
            }
          }
        />
        <Description
          active={false}
          key="2"
          tab={
            Object {
              "id": "0101",
              "media": "fake://img.con",
              "text": "<p>Description here</p>",
              "title": "Title 3",
            }
          }
        />
      </div>
    </div>
  </div>
</div>
`;
